
  .   ____          _            __ _ _
 /\\ / ___'_ __ _ _(_)_ __  __ _ \ \ \ \
( ( )\___ | '_ | '_| | '_ \/ _` | \ \ \ \
 \\/  ___)| |_)| | | | | || (_| |  ) ) ) )
  '  |____| .__|_| |_|_| |_\__, | / / / /
 =========|_|==============|___/=/_/_/_/
[32m :: Spring Boot :: [39m              [2m (v3.2.0)[0;39m

[2m2026-01-18T23:39:13.618+06:00[0;39m [32m INFO[0;39m [35m10593[0;39m [2m---[0;39m [2m[aop-assignment] [           main][0;39m [2m[0;39m[36mc.e.a.AopAssignmentApplication          [0;39m [2m:[0;39m Starting AopAssignmentApplication v0.0.1-SNAPSHOT using Java 24.0.1 with PID 10593 (/Users/azizurrahaman/Documents/GitHub/aop-assigment/backend/target/aop-assignment-0.0.1-SNAPSHOT.jar started by azizurrahaman in /Users/azizurrahaman/Documents/GitHub/aop-assigment/backend)
[2m2026-01-18T23:39:13.621+06:00[0;39m [32m INFO[0;39m [35m10593[0;39m [2m---[0;39m [2m[aop-assignment] [           main][0;39m [2m[0;39m[36mc.e.a.AopAssignmentApplication          [0;39m [2m:[0;39m No active profile set, falling back to 1 default profile: "default"
[2m2026-01-18T23:39:15.085+06:00[0;39m [32m INFO[0;39m [35m10593[0;39m [2m---[0;39m [2m[aop-assignment] [           main][0;39m [2m[0;39m[36m.s.d.r.c.RepositoryConfigurationDelegate[0;39m [2m:[0;39m Bootstrapping Spring Data JPA repositories in DEFAULT mode.
[2m2026-01-18T23:39:15.141+06:00[0;39m [32m INFO[0;39m [35m10593[0;39m [2m---[0;39m [2m[aop-assignment] [           main][0;39m [2m[0;39m[36m.s.d.r.c.RepositoryConfigurationDelegate[0;39m [2m:[0;39m Finished Spring Data repository scanning in 50 ms. Found 1 JPA repository interface.
WARNING: A restricted method in java.lang.System has been called
WARNING: java.lang.System::load has been called by org.apache.tomcat.jni.Library in an unnamed module (jar:nested:/Users/azizurrahaman/Documents/GitHub/aop-assigment/backend/target/aop-assignment-0.0.1-SNAPSHOT.jar/!BOOT-INF/lib/tomcat-embed-core-10.1.16.jar!/)
WARNING: Use --enable-native-access=ALL-UNNAMED to avoid a warning for callers in this module
WARNING: Restricted methods will be blocked in a future release unless native access is enabled

[2m2026-01-18T23:39:15.720+06:00[0;39m [32m INFO[0;39m [35m10593[0;39m [2m---[0;39m [2m[aop-assignment] [           main][0;39m [2m[0;39m[36mo.s.b.w.embedded.tomcat.TomcatWebServer [0;39m [2m:[0;39m Tomcat initialized with port 8080 (http)
[2m2026-01-18T23:39:15.753+06:00[0;39m [32m INFO[0;39m [35m10593[0;39m [2m---[0;39m [2m[aop-assignment] [           main][0;39m [2m[0;39m[36mo.apache.catalina.core.StandardService  [0;39m [2m:[0;39m Starting service [Tomcat]
[2m2026-01-18T23:39:15.753+06:00[0;39m [32m INFO[0;39m [35m10593[0;39m [2m---[0;39m [2m[aop-assignment] [           main][0;39m [2m[0;39m[36mo.apache.catalina.core.StandardEngine   [0;39m [2m:[0;39m Starting Servlet engine: [Apache Tomcat/10.1.16]
[2m2026-01-18T23:39:15.871+06:00[0;39m [32m INFO[0;39m [35m10593[0;39m [2m---[0;39m [2m[aop-assignment] [           main][0;39m [2m[0;39m[36mo.a.c.c.C.[Tomcat].[localhost].[/]      [0;39m [2m:[0;39m Initializing Spring embedded WebApplicationContext
[2m2026-01-18T23:39:15.876+06:00[0;39m [32m INFO[0;39m [35m10593[0;39m [2m---[0;39m [2m[aop-assignment] [           main][0;39m [2m[0;39m[36mw.s.c.ServletWebServerApplicationContext[0;39m [2m:[0;39m Root WebApplicationContext: initialization completed in 2123 ms
[2m2026-01-18T23:39:15.926+06:00[0;39m [32m INFO[0;39m [35m10593[0;39m [2m---[0;39m [2m[aop-assignment] [           main][0;39m [2m[0;39m[36mcom.zaxxer.hikari.HikariDataSource      [0;39m [2m:[0;39m HikariPool-1 - Starting...
[2m2026-01-18T23:39:16.340+06:00[0;39m [32m INFO[0;39m [35m10593[0;39m [2m---[0;39m [2m[aop-assignment] [           main][0;39m [2m[0;39m[36mcom.zaxxer.hikari.pool.HikariPool       [0;39m [2m:[0;39m HikariPool-1 - Added connection conn0: url=jdbc:h2:mem:testdb user=SA
[2m2026-01-18T23:39:16.348+06:00[0;39m [32m INFO[0;39m [35m10593[0;39m [2m---[0;39m [2m[aop-assignment] [           main][0;39m [2m[0;39m[36mcom.zaxxer.hikari.HikariDataSource      [0;39m [2m:[0;39m HikariPool-1 - Start completed.
[2m2026-01-18T23:39:16.371+06:00[0;39m [32m INFO[0;39m [35m10593[0;39m [2m---[0;39m [2m[aop-assignment] [           main][0;39m [2m[0;39m[36mo.s.b.a.h2.H2ConsoleAutoConfiguration   [0;39m [2m:[0;39m H2 console available at '/h2-console'. Database available at 'jdbc:h2:mem:testdb'
[2m2026-01-18T23:39:16.526+06:00[0;39m [32m INFO[0;39m [35m10593[0;39m [2m---[0;39m [2m[aop-assignment] [           main][0;39m [2m[0;39m[36mo.hibernate.jpa.internal.util.LogHelper [0;39m [2m:[0;39m HHH000204: Processing PersistenceUnitInfo [name: default]
[2m2026-01-18T23:39:16.581+06:00[0;39m [32m INFO[0;39m [35m10593[0;39m [2m---[0;39m [2m[aop-assignment] [           main][0;39m [2m[0;39m[36morg.hibernate.Version                   [0;39m [2m:[0;39m HHH000412: Hibernate ORM core version 6.3.1.Final
[2m2026-01-18T23:39:16.608+06:00[0;39m [32m INFO[0;39m [35m10593[0;39m [2m---[0;39m [2m[aop-assignment] [           main][0;39m [2m[0;39m[36mo.h.c.internal.RegionFactoryInitiator   [0;39m [2m:[0;39m HHH000026: Second-level cache disabled
[2m2026-01-18T23:39:16.850+06:00[0;39m [32m INFO[0;39m [35m10593[0;39m [2m---[0;39m [2m[aop-assignment] [           main][0;39m [2m[0;39m[36mo.s.o.j.p.SpringPersistenceUnitInfo     [0;39m [2m:[0;39m No LoadTimeWeaver setup: ignoring JPA class transformer
[2m2026-01-18T23:39:16.884+06:00[0;39m [33m WARN[0;39m [35m10593[0;39m [2m---[0;39m [2m[aop-assignment] [           main][0;39m [2m[0;39m[36morg.hibernate.orm.deprecation           [0;39m [2m:[0;39m HHH90000025: H2Dialect does not need to be specified explicitly using 'hibernate.dialect' (remove the property setting and it will be selected by default)
[2m2026-01-18T23:39:17.622+06:00[0;39m [32m INFO[0;39m [35m10593[0;39m [2m---[0;39m [2m[aop-assignment] [           main][0;39m [2m[0;39m[36mo.h.e.t.j.p.i.JtaPlatformInitiator      [0;39m [2m:[0;39m HHH000489: No JTA platform available (set 'hibernate.transaction.jta.platform' to enable JTA platform integration)
[2m2026-01-18T23:39:17.679+06:00[0;39m [32m INFO[0;39m [35m10593[0;39m [2m---[0;39m [2m[aop-assignment] [           main][0;39m [2m[0;39m[36mj.LocalContainerEntityManagerFactoryBean[0;39m [2m:[0;39m Initialized JPA EntityManagerFactory for persistence unit 'default'
[2m2026-01-18T23:39:18.070+06:00[0;39m [33m WARN[0;39m [35m10593[0;39m [2m---[0;39m [2m[aop-assignment] [           main][0;39m [2m[0;39m[36mJpaBaseConfiguration$JpaWebConfiguration[0;39m [2m:[0;39m spring.jpa.open-in-view is enabled by default. Therefore, database queries may be performed during view rendering. Explicitly configure spring.jpa.open-in-view to disable this warning
[2m2026-01-18T23:39:18.454+06:00[0;39m [32m INFO[0;39m [35m10593[0;39m [2m---[0;39m [2m[aop-assignment] [           main][0;39m [2m[0;39m[36mo.s.b.w.embedded.tomcat.TomcatWebServer [0;39m [2m:[0;39m Tomcat started on port 8080 (http) with context path ''
[2m2026-01-18T23:39:18.512+06:00[0;39m [32m INFO[0;39m [35m10593[0;39m [2m---[0;39m [2m[aop-assignment] [           main][0;39m [2m[0;39m[36mc.e.a.AopAssignmentApplication          [0;39m [2m:[0;39m Started AopAssignmentApplication in 5.376 seconds (process running for 6.68)
[2m2026-01-18T23:39:19.856+06:00[0;39m [32m INFO[0;39m [35m10593[0;39m [2m---[0;39m [2m[aop-assignment] [nio-8080-exec-1][0;39m [2m[0;39m[36mo.a.c.c.C.[Tomcat].[localhost].[/]      [0;39m [2m:[0;39m Initializing Spring DispatcherServlet 'dispatcherServlet'
[2m2026-01-18T23:39:19.856+06:00[0;39m [32m INFO[0;39m [35m10593[0;39m [2m---[0;39m [2m[aop-assignment] [nio-8080-exec-1][0;39m [2m[0;39m[36mo.s.web.servlet.DispatcherServlet       [0;39m [2m:[0;39m Initializing Servlet 'dispatcherServlet'
[2m2026-01-18T23:39:19.857+06:00[0;39m [32m INFO[0;39m [35m10593[0;39m [2m---[0;39m [2m[aop-assignment] [nio-8080-exec-1][0;39m [2m[0;39m[36mo.s.web.servlet.DispatcherServlet       [0;39m [2m:[0;39m Completed initialization in 1 ms
[2m2026-01-18T23:39:30.413+06:00[0;39m [32m INFO[0;39m [35m10593[0;39m [2m---[0;39m [2m[aop-assignment] [ionShutdownHook][0;39m [2m[0;39m[36mj.LocalContainerEntityManagerFactoryBean[0;39m [2m:[0;39m Closing JPA EntityManagerFactory for persistence unit 'default'
[2m2026-01-18T23:39:30.424+06:00[0;39m [32m INFO[0;39m [35m10593[0;39m [2m---[0;39m [2m[aop-assignment] [ionShutdownHook][0;39m [2m[0;39m[36mcom.zaxxer.hikari.HikariDataSource      [0;39m [2m:[0;39m HikariPool-1 - Shutdown initiated...
[2m2026-01-18T23:39:30.435+06:00[0;39m [32m INFO[0;39m [35m10593[0;39m [2m---[0;39m [2m[aop-assignment] [ionShutdownHook][0;39m [2m[0;39m[36mcom.zaxxer.hikari.HikariDataSource      [0;39m [2m:[0;39m HikariPool-1 - Shutdown completed.
